FOLLOWER:PhynxkinFamiliarLVL=1	TYPE:Familiar	ABILITY:Special Ability|AUTOMATIC|Familiar ~ Empathic Link|Familiar ~ Improved Evasion|Familiar ~ Share Spells	COPYMASTERBAB:MASTER	COPYMASTERHP:max(1,MASTER/2)	BONUS:COMBAT|AC|1|TYPE=NaturalArmor	KIT:1|Familiar ~ Phynxkin	BONUS:STAT|INT|4	BONUS:COMBAT|TOHIT.MELEE|max(DEX,STR)
FOLLOWER:PhynxkinFamiliarLVL=3	TYPE:Familiar	ABILITY:Special Ability|AUTOMATIC|Phynxkin ~ Breath Attack	BONUS:COMBAT|AC|1|TYPE=NaturalArmor
FOLLOWER:PhynxkinFamiliarLVL=5	TYPE:Familiar	ABILITY:Special Ability|AUTOMATIC|Familiar ~ Speak with Master	BONUS:STAT|INT|1	BONUS:COMBAT|AC|1|TYPE=NaturalArmor
FOLLOWER:PhynxkinFamiliarLVL=7	TYPE:Familiar	ABILITY:Special Ability|AUTOMATIC|Phynxkin ~ Speak with Dragons		BONUS:COMBAT|AC|1|TYPE=NaturalArmor
FOLLOWER:PhynxkinFamiliarLVL=9	TYPE:Familiar	BONUS:STAT|INT|1

#MASTERBONUSRACE:Phynxkin	TYPE:Familiar	BONUS:SKILL|Move Silently|3	VFEAT:Alertness
MASTERBONUSRACE:Companion ~ Phynxkin	TYPE:Familiar	BONUS:SKILL|Move Silently|3	VFEAT:Alertness	BONUS:VAR|FamiliarLVL|PhynxkinFamiliarLVL
