# Dora Campaign

#Block: Specific Armors
Caster's Helmet		COST:30	WT:3	TYPE:Magic.Headgear	BONUS:COMBAT|AC|2|TYPE=Enhancement	BONUS:VAR|ArcaneToHit,ArcaneDamage|1	BONUS:MOVEADD|TYPE.Walk|-5	BONUS:EQMARMOR|MAXDEX|6	SPELLFAILURE:0	SPROP:+1 to hit and +1 damage for arcane spells
Reckoning Staff		COST:30	WT:4	TYPE:Magic.Staff	BONUS:COMBAT|AC|-2|TYPE=Enhancement	BONUS:VAR|ArcaneToHit|1	BONUS:VAR|ArcaneDamage|2	SPROP:+1 to hit and +2 damage for arcane spells

Nagging Staff	COST:1000	WT:4	TYPE:Magic.Staff	BONUS:VAR|ArcaneToHit|6	BONUS:VAR|ArcaneDamage|2	BONUS:COMBAT|TOHIT|1	BONUS:COMBAT|DAMAGE.Melee|-1	DAMAGE:1d6-1	CRITRANGE:1	CRITMULT:x2	RANGE:5	SPROP:If the caster becomes distracted by the staff, the spell may suffer a penalty to attack and damage instead.

Coward's Amulet	COST:2650	WT:.5	TYPE:Magic.Ring		BONUS:COMBAT|AC|1

Ring of Agression	COST:1500	WT:.5	TYPE:Magic.Ring	


#Block: Fake "weapons" for spells
Launch Bolt (0)		DEFINE:ArcaneToHit|0	DEFINE:RangedSpellToHit|0	DEFINE:ArcaneDamage|0							PROFICIENCY:WEAPON|Spells (Ray)	TYPE:Weapon.Unarmed.Ranged	COST:0	WT:0	CRITMULT:x2	CRITRANGE:1	DAMAGE:1d8	BONUS:WEAPON|DAMAGE|ArcaneDamage		BONUS:WEAPON|TOHIT|ArcaneToHit+RangedSpellToHit		WIELD:Light	MODS:NO	SIZE:M	
Lesser Orb of Cold (1)	DEFINE:ArcaneToHit|0	DEFINE:RangedSpellToHit|0	DEFINE:ArcaneDamage|0	DEFINE:ColdToHit|0	DEFINE:ColdDamage|0	PROFICIENCY:WEAPON|Spells (Ray)	TYPE:Weapon.Unarmed.Ranged	COST:0	WT:0	CRITMULT:x2	CRITRANGE:1	DAMAGE:4d6	BONUS:WEAPON|DAMAGE|ArcaneDamage+ColdDamage	BONUS:WEAPON|TOHIT|ArcaneToHit+ColdToHit+RangedSpellToHit	WIELD:Light	MODS:NO	SIZE:M	SPROP:Range 40ft, Cold damage, No save
Ice Dagger(1)		DEFINE:ArcaneToHit|0	DEFINE:RangedSpellToHit|0	DEFINE:ArcaneDamage|0	DEFINE:ColdToHit|0	DEFINE:ColdDamage|0	PROFICIENCY:WEAPON|Spells (Ray)	TYPE:Weapon.Unarmed.Ranged	COST:0	WT:0	CRITMULT:x2	CRITRANGE:1	DAMAGE:5d4	BONUS:WEAPON|DAMAGE|ArcaneDamage+ColdDamage	BONUS:WEAPON|TOHIT|ArcaneToHit+ColdToHit+RangedSpellToHit	WIELD:Light	MODS:NO	SIZE:M	SPROP:Range 40ft, Cold damage, No save, SR:yes, touch attack 
Ice Knife (2)		DEFINE:ArcaneToHit|0	DEFINE:RangedSpellToHit|0	DEFINE:ArcaneDamage|0	DEFINE:ColdToHit|0	DEFINE:ColdDamage|0	PROFICIENCY:WEAPON|Spells (Ray)	TYPE:Weapon.Unarmed.Ranged	COST:0	WT:0	CRITMULT:x2	CRITRANGE:1	DAMAGE:2d8	BONUS:WEAPON|DAMAGE|ArcaneDamage+ColdDamage	BONUS:WEAPON|TOHIT|ArcaneToHit+ColdToHit+(floor((classlevel("TYPE=Arcane")+charbonusto("CASTERLEVEL","DESCRIPTOR.Cold"))/2)*2)+RangedSpellToHit	WIELD:Light	MODS:NO	SIZE:M	SPROP:Range 640ft, Cold damage. +2 Dex damage (fort save half, cold resist none). If miss, d8 for shatter location, Shatter as below.
Ice Knife Shatter	DEFINE:ArcaneToHit|0	DEFINE:ArcaneDamage|0	DEFINE:ColdToHit|0	DEFINE:ColdDamage|0	PROFICIENCY:WEAPON|Spells (Ray)	TYPE:Weapon.Unarmed.Ranged	COST:0	WT:0	CRITMULT:x2	CRITRANGE:1	DAMAGE:1d8	BONUS:WEAPON|DAMAGE|ColdDamage									WIELD:Light	MODS:NO	SIZE:M	SPROP:10 ft radius, cold damage. reflex half
Snowball Swarm (2)	DEFINE:ArcaneToHit|0	DEFINE:ArcaneDamage|0	DEFINE:ColdToHit|0	DEFINE:ColdDamage|0	PROFICIENCY:WEAPON|Spells (Ray)	TYPE:Weapon.Unarmed.Ranged	COST:0	WT:0	CRITMULT:x2	CRITRANGE:1	DAMAGE:3d6	BONUS:WEAPON|DAMAGE|ArcaneDamage+ColdDamage							WIELD:Light	MODS:NO	SIZE:M	SPROP:Range 160ft, 10ft radius, cold damage. reflex half
Ray of Ice(2)		DEFINE:ArcaneToHit|0	DEFINE:RangedSpellToHit|0	DEFINE:ArcaneDamage|0	DEFINE:ColdToHit|0	DEFINE:ColdDamage|0	PROFICIENCY:WEAPON|Spells (Ray)	TYPE:Weapon.Unarmed.Ranged	COST:0	WT:0	CRITMULT:x2	CRITRANGE:1	DAMAGE:3d6	BONUS:WEAPON|DAMAGE|ArcaneDamage+ColdDamage	BONUS:WEAPON|TOHIT|ArcaneToHit+ColdToHit+RangedSpellToHit	WIELD:Light	MODS:NO	SIZE:M	SPROP:Range 40ft, Cold damage, reflex or frozen to floor: can't move, no DEX bonus to AC, -2 on attacks. DC 18 STR check or 15 points damage to ice to free.
Hailstones(3)		DEFINE:ArcaneToHit|0	DEFINE:RangedSpellToHit|0	DEFINE:ArcaneDamage|0	DEFINE:ColdToHit|0	DEFINE:ColdDamage|0	PROFICIENCY:WEAPON|Spells (Ray)	TYPE:Weapon.Unarmed.Ranged	COST:0	WT:0	CRITMULT:x2	CRITRANGE:1	DAMAGE:5d6	BONUS:WEAPON|DAMAGE|ArcaneDamage+ColdDamage	BONUS:WEAPON|TOHIT|ArcaneToHit+ColdToHit+RangedSpellToHit	WIELD:Light	MODS:NO	SIZE:M	SPROP:Range 100ft + 10f/L (170), Cold damage, ranged touch attack, 1 globe/5 levels, targets must be within 30 feet of each other. SR: yes
Orb of Cold (4)	DEFINE:ArcaneToHit|0	DEFINE:ArcaneDamage|0	DEFINE:RangedSpellToHit|0	DEFINE:ColdToHit|0	DEFINE:ColdDamage|0	PROFICIENCY:WEAPON|Spells (Ray)	TYPE:Weapon.Unarmed.Ranged	COST:0	WT:0	CRITMULT:x2	CRITRANGE:1	DAMAGE:9d4	BONUS:WEAPON|DAMAGE|ArcaneDamage+ColdDamage	BONUS:WEAPON|TOHIT|ArcaneToHit+ColdToHit+RangedSpellToHit	WIELD:Light	MODS:NO	SIZE:M	SPROP:Range 25ft + 5/2levels, Cold damage, Fort save or Blind, SR:No


Divine Archer (Arrow of Death)	TYPE:Magic.Enhancement.Ammunition.SpecificArrow.Individual	COST:0	WT:0.15	PRECLASS:1,Divine Archer=10	BASEQTY:1	EQMOD:STEEL.WOOD	MODS:NO	SOURCEPAGE:p.177	BONUS:WEAPON|TOHIT|-50|!PRECLASS:1,Divine Archer=10	SPROP:At 10th level, an divine archer can create an arrow of death that forces the target, if damaged by the arrow's attack, to make a DC 20 Fortitude save or be slain immediately. It takes one day to make an arrow of death, and the arrow only functions for the divine archer who created it. The arrow of death lasts no longer than one year, and the archer can only have one such arrow in existence at a time.
